Archive member included to satisfy reference by file (symbol)

c:/ac6/systemworkbench/plugins/fr.ac6.mcu.externaltools.arm-none.win32_1.17.0.201812190825/tools/compiler/bin/../lib/gcc/arm-none-eabi/7.3.1/../../../../arm-none-eabi/lib/thumb/v7e-m/fpv5/hard\libc_nano.a(lib_a-errno.o)
                              Src/syscalls.o (__errno)
c:/ac6/systemworkbench/plugins/fr.ac6.mcu.externaltools.arm-none.win32_1.17.0.201812190825/tools/compiler/bin/../lib/gcc/arm-none-eabi/7.3.1/../../../../arm-none-eabi/lib/thumb/v7e-m/fpv5/hard\libc_nano.a(lib_a-exit.o)
                              c:/ac6/systemworkbench/plugins/fr.ac6.mcu.externaltools.arm-none.win32_1.17.0.201812190825/tools/compiler/bin/../lib/gcc/arm-none-eabi/7.3.1/../../../../arm-none-eabi/lib/thumb/v7e-m/fpv5/hard/crt0.o (exit)
c:/ac6/systemworkbench/plugins/fr.ac6.mcu.externaltools.arm-none.win32_1.17.0.201812190825/tools/compiler/bin/../lib/gcc/arm-none-eabi/7.3.1/../../../../arm-none-eabi/lib/thumb/v7e-m/fpv5/hard\libc_nano.a(lib_a-impure.o)
                              c:/ac6/systemworkbench/plugins/fr.ac6.mcu.externaltools.arm-none.win32_1.17.0.201812190825/tools/compiler/bin/../lib/gcc/arm-none-eabi/7.3.1/../../../../arm-none-eabi/lib/thumb/v7e-m/fpv5/hard\libc_nano.a(lib_a-exit.o) (_global_impure_ptr)
c:/ac6/systemworkbench/plugins/fr.ac6.mcu.externaltools.arm-none.win32_1.17.0.201812190825/tools/compiler/bin/../lib/gcc/arm-none-eabi/7.3.1/../../../../arm-none-eabi/lib/thumb/v7e-m/fpv5/hard\libc_nano.a(lib_a-init.o)
                              c:/ac6/systemworkbench/plugins/fr.ac6.mcu.externaltools.arm-none.win32_1.17.0.201812190825/tools/compiler/bin/../lib/gcc/arm-none-eabi/7.3.1/../../../../arm-none-eabi/lib/thumb/v7e-m/fpv5/hard/crt0.o (__libc_init_array)
c:/ac6/systemworkbench/plugins/fr.ac6.mcu.externaltools.arm-none.win32_1.17.0.201812190825/tools/compiler/bin/../lib/gcc/arm-none-eabi/7.3.1/../../../../arm-none-eabi/lib/thumb/v7e-m/fpv5/hard\libc_nano.a(lib_a-memset.o)
                              c:/ac6/systemworkbench/plugins/fr.ac6.mcu.externaltools.arm-none.win32_1.17.0.201812190825/tools/compiler/bin/../lib/gcc/arm-none-eabi/7.3.1/../../../../arm-none-eabi/lib/thumb/v7e-m/fpv5/hard/crt0.o (memset)

Allocating common symbols
Common symbol       size              file

uwTick              0x4               Drivers/STM32H7xx_HAL_Driver/Src/stm32h7xx_hal.o
pFlash              0x1c              Drivers/STM32H7xx_HAL_Driver/Src/stm32h7xx_hal_flash.o

Discarded input sections

 .text          0x00000000        0x0 c:/ac6/systemworkbench/plugins/fr.ac6.mcu.externaltools.arm-none.win32_1.17.0.201812190825/tools/compiler/bin/../lib/gcc/arm-none-eabi/7.3.1/thumb/v7e-m/fpv5/hard/crti.o
 .data          0x00000000        0x0 c:/ac6/systemworkbench/plugins/fr.ac6.mcu.externaltools.arm-none.win32_1.17.0.201812190825/tools/compiler/bin/../lib/gcc/arm-none-eabi/7.3.1/thumb/v7e-m/fpv5/hard/crti.o
 .bss           0x00000000        0x0 c:/ac6/systemworkbench/plugins/fr.ac6.mcu.externaltools.arm-none.win32_1.17.0.201812190825/tools/compiler/bin/../lib/gcc/arm-none-eabi/7.3.1/thumb/v7e-m/fpv5/hard/crti.o
 .data          0x00000000        0x4 c:/ac6/systemworkbench/plugins/fr.ac6.mcu.externaltools.arm-none.win32_1.17.0.201812190825/tools/compiler/bin/../lib/gcc/arm-none-eabi/7.3.1/thumb/v7e-m/fpv5/hard/crtbegin.o
 .text          0x00000000       0x74 c:/ac6/systemworkbench/plugins/fr.ac6.mcu.externaltools.arm-none.win32_1.17.0.201812190825/tools/compiler/bin/../lib/gcc/arm-none-eabi/7.3.1/../../../../arm-none-eabi/lib/thumb/v7e-m/fpv5/hard/crt0.o
 .data          0x00000000        0x0 c:/ac6/systemworkbench/plugins/fr.ac6.mcu.externaltools.arm-none.win32_1.17.0.201812190825/tools/compiler/bin/../lib/gcc/arm-none-eabi/7.3.1/../../../../arm-none-eabi/lib/thumb/v7e-m/fpv5/hard/crt0.o
 .bss           0x00000000        0x0 c:/ac6/systemworkbench/plugins/fr.ac6.mcu.externaltools.arm-none.win32_1.17.0.201812190825/tools/compiler/bin/../lib/gcc/arm-none-eabi/7.3.1/../../../../arm-none-eabi/lib/thumb/v7e-m/fpv5/hard/crt0.o
 .ARM.extab     0x00000000        0x0 c:/ac6/systemworkbench/plugins/fr.ac6.mcu.externaltools.arm-none.win32_1.17.0.201812190825/tools/compiler/bin/../lib/gcc/arm-none-eabi/7.3.1/../../../../arm-none-eabi/lib/thumb/v7e-m/fpv5/hard/crt0.o
 .ARM.exidx     0x00000000        0x8 c:/ac6/systemworkbench/plugins/fr.ac6.mcu.externaltools.arm-none.win32_1.17.0.201812190825/tools/compiler/bin/../lib/gcc/arm-none-eabi/7.3.1/../../../../arm-none-eabi/lib/thumb/v7e-m/fpv5/hard/crt0.o
 .ARM.attributes
                0x00000000       0x1e c:/ac6/systemworkbench/plugins/fr.ac6.mcu.externaltools.arm-none.win32_1.17.0.201812190825/tools/compiler/bin/../lib/gcc/arm-none-eabi/7.3.1/../../../../arm-none-eabi/lib/thumb/v7e-m/fpv5/hard/crt0.o
 .group         0x00000000        0xc Drivers/STM32H7xx_HAL_Driver/Src/stm32h7xx_hal.o
 .group         0x00000000        0xc Drivers/STM32H7xx_HAL_Driver/Src/stm32h7xx_hal.o
[...]
Memory Configuration

Name             Origin             Length             Attributes
DTCMRAM          0x20000000         0x00020000         xrw
RAM_D1           0x24000000         0x00080000         xrw
RAM_D2           0x30000000         0x00048000         xrw
RAM_D3           0x38000000         0x00010000         xrw
ITCMRAM          0x00000000         0x00010000         xrw
FLASH            0x08000000         0x00200000         xr
*default*        0x00000000         0xffffffff

Linker script and memory map

LOAD c:/ac6/systemworkbench/plugins/fr.ac6.mcu.externaltools.arm-none.win32_1.17.0.201812190825/tools/compiler/bin/../lib/gcc/arm-none-eabi/7.3.1/thumb/v7e-m/fpv5/hard/crti.o
LOAD c:/ac6/systemworkbench/plugins/fr.ac6.mcu.externaltools.arm-none.win32_1.17.0.201812190825/tools/compiler/bin/../lib/gcc/arm-none-eabi/7.3.1/thumb/v7e-m/fpv5/hard/crtbegin.o
LOAD c:/ac6/systemworkbench/plugins/fr.ac6.mcu.externaltools.arm-none.win32_1.17.0.201812190825/tools/compiler/bin/../lib/gcc/arm-none-eabi/7.3.1/../../../../arm-none-eabi/lib/thumb/v7e-m/fpv5/hard/crt0.o
LOAD Drivers/STM32H7xx_HAL_Driver/Src/stm32h7xx_hal.o
LOAD Drivers/STM32H7xx_HAL_Driver/Src/stm32h7xx_hal_cortex.o
LOAD Drivers/STM32H7xx_HAL_Driver/Src/stm32h7xx_hal_dma.o
LOAD Drivers/STM32H7xx_HAL_Driver/Src/stm32h7xx_hal_dma_ex.o
LOAD Drivers/STM32H7xx_HAL_Driver/Src/stm32h7xx_hal_exti.o
LOAD Drivers/STM32H7xx_HAL_Driver/Src/stm32h7xx_hal_flash.o
LOAD Drivers/STM32H7xx_HAL_Driver/Src/stm32h7xx_hal_flash_ex.o
LOAD Drivers/STM32H7xx_HAL_Driver/Src/stm32h7xx_hal_gpio.o
LOAD Drivers/STM32H7xx_HAL_Driver/Src/stm32h7xx_hal_hsem.o
LOAD Drivers/STM32H7xx_HAL_Driver/Src/stm32h7xx_hal_i2c.o
LOAD Drivers/STM32H7xx_HAL_Driver/Src/stm32h7xx_hal_i2c_ex.o
LOAD Drivers/STM32H7xx_HAL_Driver/Src/stm32h7xx_hal_mdma.o
LOAD Drivers/STM32H7xx_HAL_Driver/Src/stm32h7xx_hal_pwr.o
LOAD Drivers/STM32H7xx_HAL_Driver/Src/stm32h7xx_hal_pwr_ex.o
LOAD Drivers/STM32H7xx_HAL_Driver/Src/stm32h7xx_hal_rcc.o
LOAD Drivers/STM32H7xx_HAL_Driver/Src/stm32h7xx_hal_rcc_ex.o
LOAD Drivers/STM32H7xx_HAL_Driver/Src/stm32h7xx_hal_tim.o
LOAD Drivers/STM32H7xx_HAL_Driver/Src/stm32h7xx_hal_tim_ex.o
LOAD Src/main.o
LOAD Src/stm32h7xx_hal_msp.o
LOAD Src/stm32h7xx_it.o
LOAD Src/syscalls.o
LOAD Src/system_stm32h7xx.o
LOAD startup/startup_stm32h743xx.o
LOAD c:/ac6/systemworkbench/plugins/fr.ac6.mcu.externaltools.arm-none.win32_1.17.0.201812190825/tools/compiler/bin/../lib/gcc/arm-none-eabi/7.3.1/../../../../arm-none-eabi/lib/thumb/v7e-m/fpv5/hard\libm.a
START GROUP
LOAD c:/ac6/systemworkbench/plugins/fr.ac6.mcu.externaltools.arm-none.win32_1.17.0.201812190825/tools/compiler/bin/../lib/gcc/arm-none-eabi/7.3.1/thumb/v7e-m/fpv5/hard\libgcc.a
LOAD c:/ac6/systemworkbench/plugins/fr.ac6.mcu.externaltools.arm-none.win32_1.17.0.201812190825/tools/compiler/bin/../lib/gcc/arm-none-eabi/7.3.1/../../../../arm-none-eabi/lib/thumb/v7e-m/fpv5/hard\libc_nano.a
END GROUP
START GROUP
LOAD c:/ac6/systemworkbench/plugins/fr.ac6.mcu.externaltools.arm-none.win32_1.17.0.201812190825/tools/compiler/bin/../lib/gcc/arm-none-eabi/7.3.1/thumb/v7e-m/fpv5/hard\libgcc.a
LOAD c:/ac6/systemworkbench/plugins/fr.ac6.mcu.externaltools.arm-none.win32_1.17.0.201812190825/tools/compiler/bin/../lib/gcc/arm-none-eabi/7.3.1/../../../../arm-none-eabi/lib/thumb/v7e-m/fpv5/hard\libc_nano.a
LOAD c:/ac6/systemworkbench/plugins/fr.ac6.mcu.externaltools.arm-none.win32_1.17.0.201812190825/tools/compiler/bin/../lib/gcc/arm-none-eabi/7.3.1/../../../../arm-none-eabi/lib/thumb/v7e-m/fpv5/hard\libnosys.a
END GROUP
START GROUP
LOAD c:/ac6/systemworkbench/plugins/fr.ac6.mcu.externaltools.arm-none.win32_1.17.0.201812190825/tools/compiler/bin/../lib/gcc/arm-none-eabi/7.3.1/thumb/v7e-m/fpv5/hard\libgcc.a
LOAD c:/ac6/systemworkbench/plugins/fr.ac6.mcu.externaltools.arm-none.win32_1.17.0.201812190825/tools/compiler/bin/../lib/gcc/arm-none-eabi/7.3.1/../../../../arm-none-eabi/lib/thumb/v7e-m/fpv5/hard\libc_nano.a
LOAD c:/ac6/systemworkbench/plugins/fr.ac6.mcu.externaltools.arm-none.win32_1.17.0.201812190825/tools/compiler/bin/../lib/gcc/arm-none-eabi/7.3.1/../../../../arm-none-eabi/lib/thumb/v7e-m/fpv5/hard\libnosys.a
END GROUP
LOAD c:/ac6/systemworkbench/plugins/fr.ac6.mcu.externaltools.arm-none.win32_1.17.0.201812190825/tools/compiler/bin/../lib/gcc/arm-none-eabi/7.3.1/thumb/v7e-m/fpv5/hard/crtend.o
LOAD c:/ac6/systemworkbench/plugins/fr.ac6.mcu.externaltools.arm-none.win32_1.17.0.201812190825/tools/compiler/bin/../lib/gcc/arm-none-eabi/7.3.1/thumb/v7e-m/fpv5/hard/crtn.o
                0x20020000                _estack = 0x20020000
                0x00000200                _Min_Heap_Size = 0x200
                0x00000400                _Min_Stack_Size = 0x400

.isr_vector     0x08000000      0x298
                0x08000000                . = ALIGN (0x4)
 *(.isr_vector)
 .isr_vector    0x08000000      0x298 startup/startup_stm32h743xx.o
                0x08000000                g_pfnVectors
                0x08000298                . = ALIGN (0x4)

.text           0x08000298     0x11b0
                0x08000298                . = ALIGN (0x4)
 *(.text)
 .text          0x08000298       0x40 c:/ac6/systemworkbench/plugins/fr.ac6.mcu.externaltools.arm-none.win32_1.17.0.201812190825/tools/compiler/bin/../lib/gcc/arm-none-eabi/7.3.1/thumb/v7e-m/fpv5/hard/crtbegin.o
 *(.text*)
 .text.HAL_InitTick
                0x080002d8       0x4c Drivers/STM32H7xx_HAL_Driver/Src/stm32h7xx_hal.o
                0x080002d8                HAL_InitTick
 .text.HAL_Init
                0x08000324       0x5c Drivers/STM32H7xx_HAL_Driver/Src/stm32h7xx_hal.o
                0x08000324                HAL_Init
 .text.HAL_IncTick
                0x08000380       0x18 Drivers/STM32H7xx_HAL_Driver/Src/stm32h7xx_hal.o
                0x08000380                HAL_IncTick
 .text.HAL_GetTick
                0x08000398        0xc Drivers/STM32H7xx_HAL_Driver/Src/stm32h7xx_hal.o
                0x08000398                HAL_GetTick
 .text.HAL_Delay
                0x080003a4       0x28 Drivers/STM32H7xx_HAL_Driver/Src/stm32h7xx_hal.o
                0x080003a4                HAL_Delay
 .text.HAL_GetREVID
                0x080003cc        0xc Drivers/STM32H7xx_HAL_Driver/Src/stm32h7xx_hal.o
                0x080003cc                HAL_GetREVID
 .text.HAL_NVIC_SetPriorityGrouping
                0x080003d8       0x24 Drivers/STM32H7xx_HAL_Driver/Src/stm32h7xx_hal_cortex.o
                0x080003d8                HAL_NVIC_SetPriorityGrouping
 .text.HAL_NVIC_SetPriority
                0x080003fc       0x64 Drivers/STM32H7xx_HAL_Driver/Src/stm32h7xx_hal_cortex.o
                0x080003fc                HAL_NVIC_SetPriority
 .text.HAL_SYSTICK_Config
                0x08000460       0x2c Drivers/STM32H7xx_HAL_Driver/Src/stm32h7xx_hal_cortex.o
                0x08000460                HAL_SYSTICK_Config
 .text.HAL_GPIO_Init
                0x0800048c      0x1e0 Drivers/STM32H7xx_HAL_Driver/Src/stm32h7xx_hal_gpio.o
                0x0800048c                HAL_GPIO_Init
 .text.HAL_GPIO_WritePin
                0x0800066c        0xc Drivers/STM32H7xx_HAL_Driver/Src/stm32h7xx_hal_gpio.o
                0x0800066c                HAL_GPIO_WritePin
 .text.HAL_PWREx_ConfigSupply
                0x08000678       0x54 Drivers/STM32H7xx_HAL_Driver/Src/stm32h7xx_hal_pwr_ex.o
                0x08000678                HAL_PWREx_ConfigSupply
 .text.HAL_RCC_OscConfig
                0x080006cc      0x5f0 Drivers/STM32H7xx_HAL_Driver/Src/stm32h7xx_hal_rcc.o
                0x080006cc                HAL_RCC_OscConfig
 .text.HAL_RCC_GetSysClockFreq
                0x08000cbc      0x1ec Drivers/STM32H7xx_HAL_Driver/Src/stm32h7xx_hal_rcc.o
                0x08000cbc                HAL_RCC_GetSysClockFreq
 .text.HAL_RCC_ClockConfig
                0x08000ea8      0x294 Drivers/STM32H7xx_HAL_Driver/Src/stm32h7xx_hal_rcc.o
                0x08000ea8                HAL_RCC_ClockConfig
 .text.MX_GPIO_Init
                0x0800113c       0xc8 Src/main.o
 .text.SystemClock_Config
                0x08001204       0x94 Src/main.o
                0x08001204                SystemClock_Config
 .text.main     0x08001298       0x34 Src/main.o
                0x08001298                main
 .text.HAL_MspInit
                0x080012cc       0x24 Src/stm32h7xx_hal_msp.o
                0x080012cc                HAL_MspInit
 .text.NMI_Handler
                0x080012f0        0x2 Src/stm32h7xx_it.o
                0x080012f0                NMI_Handler
 .text.HardFault_Handler
                0x080012f2        0x2 Src/stm32h7xx_it.o
                0x080012f2                HardFault_Handler
 .text.MemManage_Handler
                0x080012f4        0x2 Src/stm32h7xx_it.o
                0x080012f4                MemManage_Handler
 .text.BusFault_Handler
                0x080012f6        0x2 Src/stm32h7xx_it.o
                0x080012f6                BusFault_Handler
 .text.UsageFault_Handler
                0x080012f8        0x2 Src/stm32h7xx_it.o
                0x080012f8                UsageFault_Handler
 .text.SVC_Handler
                0x080012fa        0x2 Src/stm32h7xx_it.o
                0x080012fa                SVC_Handler
 .text.DebugMon_Handler
                0x080012fc        0x2 Src/stm32h7xx_it.o
                0x080012fc                DebugMon_Handler
 .text.PendSV_Handler
                0x080012fe        0x2 Src/stm32h7xx_it.o
                0x080012fe                PendSV_Handler
 .text.SysTick_Handler
                0x08001300        0x8 Src/stm32h7xx_it.o
                0x08001300                SysTick_Handler
 .text.SystemInit
                0x08001308       0x7c Src/system_stm32h7xx.o
                0x08001308                SystemInit
 .text.Reset_Handler
                0x08001384       0x50 startup/startup_stm32h743xx.o
                0x08001384                Reset_Handler
 .text.Default_Handler
                0x080013d4        0x2 startup/startup_stm32h743xx.o
                0x080013d4                RTC_Alarm_IRQHandler
                0x080013d4                EXTI2_IRQHandler
                0x080013d4                TIM8_CC_IRQHandler
                0x080013d4                HRTIM1_Master_IRQHandler
                0x080013d4                UART8_IRQHandler
                0x080013d4                SPI4_IRQHandler
                0x080013d4                TIM1_CC_IRQHandler
                0x080013d4                BDMA_Channel6_IRQHandler
                0x080013d4                DMA2_Stream5_IRQHandler
                0x080013d4                HRTIM1_FLT_IRQHandler
                0x080013d4                JPEG_IRQHandler
                0x080013d4                DMA1_Stream5_IRQHandler
                0x080013d4                BDMA_Channel1_IRQHandler
                0x080013d4                HRTIM1_TIMD_IRQHandler
                0x080013d4                TAMP_STAMP_IRQHandler
                0x080013d4                EXTI3_IRQHandler
                0x080013d4                LPTIM4_IRQHandler
                0x080013d4                TIM8_TRG_COM_TIM14_IRQHandler
                0x080013d4                LPTIM2_IRQHandler
                0x080013d4                DFSDM1_FLT1_IRQHandler
                0x080013d4                DMAMUX2_OVR_IRQHandler
                0x080013d4                TIM8_UP_TIM13_IRQHandler
                0x080013d4                I2C3_ER_IRQHandler
                0x080013d4                DFSDM1_FLT2_IRQHandler
                0x080013d4                MDMA_IRQHandler
                0x080013d4                LPTIM3_IRQHandler
                0x080013d4                HSEM1_IRQHandler
                0x080013d4                EXTI0_IRQHandler
                0x080013d4                I2C2_EV_IRQHandler
                0x080013d4                DMA1_Stream2_IRQHandler
                0x080013d4                FPU_IRQHandler
                0x080013d4                OTG_HS_WKUP_IRQHandler
                0x080013d4                FDCAN1_IT1_IRQHandler
                0x080013d4                LTDC_ER_IRQHandler
                0x080013d4                DMA2_Stream2_IRQHandler
                0x080013d4                HRTIM1_TIME_IRQHandler
                0x080013d4                SPI1_IRQHandler
                0x080013d4                TIM6_DAC_IRQHandler
                0x080013d4                DCMI_IRQHandler
                0x080013d4                HRTIM1_TIMC_IRQHandler
                0x080013d4                DMA2_Stream3_IRQHandler
                0x080013d4                SAI2_IRQHandler
                0x080013d4                DFSDM1_FLT3_IRQHandler
                0x080013d4                USART6_IRQHandler
                0x080013d4                TIM17_IRQHandler
                0x080013d4                USART3_IRQHandler
                0x080013d4                BDMA_Channel7_IRQHandler
                0x080013d4                LPTIM5_IRQHandler
                0x080013d4                UART5_IRQHandler
                0x080013d4                ADC3_IRQHandler
                0x080013d4                DMA2_Stream0_IRQHandler
                0x080013d4                TIM4_IRQHandler
                0x080013d4                BDMA_Channel2_IRQHandler
                0x080013d4                QUADSPI_IRQHandler
                0x080013d4                I2C1_EV_IRQHandler
                0x080013d4                DMA1_Stream6_IRQHandler
                0x080013d4                DMAMUX1_OVR_IRQHandler
                0x080013d4                DMA1_Stream1_IRQHandler
                0x080013d4                TIM16_IRQHandler
                0x080013d4                UART4_IRQHandler
                0x080013d4                BDMA_Channel5_IRQHandler
                0x080013d4                TIM3_IRQHandler
                0x080013d4                RCC_IRQHandler
                0x080013d4                TIM8_BRK_TIM12_IRQHandler
                0x080013d4                TIM1_TRG_COM_IRQHandler
                0x080013d4                Default_Handler
                0x080013d4                ECC_IRQHandler
                0x080013d4                CEC_IRQHandler
                0x080013d4                EXTI15_10_IRQHandler
                0x080013d4                BDMA_Channel0_IRQHandler
                0x080013d4                ADC_IRQHandler
                0x080013d4                DMA1_Stream7_IRQHandler
                0x080013d4                HRTIM1_TIMA_IRQHandler
                0x080013d4                SPI5_IRQHandler
                0x080013d4                TIM7_IRQHandler
                0x080013d4                SDMMC1_IRQHandler
                0x080013d4                TIM5_IRQHandler
                0x080013d4                DMA2_Stream7_IRQHandler
                0x080013d4                TIM15_IRQHandler
                0x080013d4                PVD_AVD_IRQHandler
                0x080013d4                I2C3_EV_IRQHandler
                0x080013d4                EXTI9_5_IRQHandler
                0x080013d4                RTC_WKUP_IRQHandler
                0x080013d4                LTDC_IRQHandler
                0x080013d4                SAI3_IRQHandler
                0x080013d4                ETH_WKUP_IRQHandler
                0x080013d4                SPDIF_RX_IRQHandler
                0x080013d4                SPI2_IRQHandler
                0x080013d4                OTG_HS_EP1_IN_IRQHandler
                0x080013d4                DMA1_Stream0_IRQHandler
                0x080013d4                CRS_IRQHandler
                0x080013d4                EXTI4_IRQHandler
                0x080013d4                RNG_IRQHandler
                0x080013d4                HRTIM1_TIMB_IRQHandler
                0x080013d4                FDCAN2_IT1_IRQHandler
                0x080013d4                ETH_IRQHandler
                0x080013d4                TIM1_UP_IRQHandler
                0x080013d4                BDMA_Channel4_IRQHandler
                0x080013d4                OTG_HS_EP1_OUT_IRQHandler
                0x080013d4                WWDG_IRQHandler
                0x080013d4                SPI6_IRQHandler
                0x080013d4                MDIOS_IRQHandler
                0x080013d4                I2C4_EV_IRQHandler
                0x080013d4                FDCAN2_IT0_IRQHandler
                0x080013d4                LPUART1_IRQHandler
                0x080013d4                FDCAN1_IT0_IRQHandler
                0x080013d4                TIM2_IRQHandler
                0x080013d4                OTG_FS_WKUP_IRQHandler
                0x080013d4                OTG_HS_IRQHandler
                0x080013d4                DMA2D_IRQHandler
                0x080013d4                TIM1_BRK_IRQHandler
                0x080013d4                EXTI1_IRQHandler
                0x080013d4                SDMMC2_IRQHandler
                0x080013d4                OTG_FS_EP1_OUT_IRQHandler
                0x080013d4                BDMA_Channel3_IRQHandler
                0x080013d4                UART7_IRQHandler
                0x080013d4                MDIOS_WKUP_IRQHandler
                0x080013d4                USART2_IRQHandler
                0x080013d4                DFSDM1_FLT0_IRQHandler
                0x080013d4                SAI4_IRQHandler
                0x080013d4                I2C2_ER_IRQHandler
                0x080013d4                DMA2_Stream1_IRQHandler
                0x080013d4                FLASH_IRQHandler
                0x080013d4                DMA2_Stream4_IRQHandler
                0x080013d4                USART1_IRQHandler
                0x080013d4                OTG_FS_IRQHandler
                0x080013d4                SPI3_IRQHandler
                0x080013d4                WAKEUP_PIN_IRQHandler
                0x080013d4                DMA1_Stream4_IRQHandler
                0x080013d4                OTG_FS_EP1_IN_IRQHandler
                0x080013d4                I2C1_ER_IRQHandler
                0x080013d4                FMC_IRQHandler
                0x080013d4                FDCAN_CAL_IRQHandler
                0x080013d4                SWPMI1_IRQHandler
                0x080013d4                COMP1_IRQHandler
                0x080013d4                LPTIM1_IRQHandler
                0x080013d4                I2C4_ER_IRQHandler
                0x080013d4                DMA2_Stream6_IRQHandler
                0x080013d4                SAI1_IRQHandler
                0x080013d4                DMA1_Stream3_IRQHandler
 *fill*         0x080013d6        0x2 
 .text.__libc_init_array
                0x080013d8       0x48 c:/ac6/systemworkbench/plugins/fr.ac6.mcu.externaltools.arm-none.win32_1.17.0.201812190825/tools/compiler/bin/../lib/gcc/arm-none-eabi/7.3.1/../../../../arm-none-eabi/lib/thumb/v7e-m/fpv5/hard\libc_nano.a(lib_a-init.o)
                0x080013d8                __libc_init_array
 .text.memset   0x08001420       0x10 c:/ac6/systemworkbench/plugins/fr.ac6.mcu.externaltools.arm-none.win32_1.17.0.201812190825/tools/compiler/bin/../lib/gcc/arm-none-eabi/7.3.1/../../../../arm-none-eabi/lib/thumb/v7e-m/fpv5/hard\libc_nano.a(lib_a-memset.o)
                0x08001420                memset
 *(.glue_7)
 .glue_7        0x08001430        0x0 linker stubs
 *(.glue_7t)
 .glue_7t       0x08001430        0x0 linker stubs
 *(.eh_frame)
 .eh_frame      0x08001430        0x0 c:/ac6/systemworkbench/plugins/fr.ac6.mcu.externaltools.arm-none.win32_1.17.0.201812190825/tools/compiler/bin/../lib/gcc/arm-none-eabi/7.3.1/thumb/v7e-m/fpv5/hard/crtbegin.o
 *(.init)
 .init          0x08001430        0x4 c:/ac6/systemworkbench/plugins/fr.ac6.mcu.externaltools.arm-none.win32_1.17.0.201812190825/tools/compiler/bin/../lib/gcc/arm-none-eabi/7.3.1/thumb/v7e-m/fpv5/hard/crti.o
                0x08001430                _init
 .init          0x08001434        0x8 c:/ac6/systemworkbench/plugins/fr.ac6.mcu.externaltools.arm-none.win32_1.17.0.201812190825/tools/compiler/bin/../lib/gcc/arm-none-eabi/7.3.1/thumb/v7e-m/fpv5/hard/crtn.o
 *(.fini)
 .fini          0x0800143c        0x4 c:/ac6/systemworkbench/plugins/fr.ac6.mcu.externaltools.arm-none.win32_1.17.0.201812190825/tools/compiler/bin/../lib/gcc/arm-none-eabi/7.3.1/thumb/v7e-m/fpv5/hard/crti.o
                0x0800143c                _fini
 .fini          0x08001440        0x8 c:/ac6/systemworkbench/plugins/fr.ac6.mcu.externaltools.arm-none.win32_1.17.0.201812190825/tools/compiler/bin/../lib/gcc/arm-none-eabi/7.3.1/thumb/v7e-m/fpv5/hard/crtn.o
                0x08001448                . = ALIGN (0x4)
                0x08001448                _etext = .

.vfp11_veneer   0x08001448        0x0
 .vfp11_veneer  0x08001448        0x0 linker stubs

.v4_bx          0x08001448        0x0
 .v4_bx         0x08001448        0x0 linker stubs

.iplt           0x08001448        0x0
 .iplt          0x08001448        0x0 c:/ac6/systemworkbench/plugins/fr.ac6.mcu.externaltools.arm-none.win32_1.17.0.201812190825/tools/compiler/bin/../lib/gcc/arm-none-eabi/7.3.1/thumb/v7e-m/fpv5/hard/crtbegin.o

.rodata         0x08001448       0x10
                0x08001448                . = ALIGN (0x4)
 *(.rodata)
 .rodata        0x08001448       0x10 Src/system_stm32h7xx.o
                0x08001448                D1CorePrescTable
 *(.rodata*)
                0x08001458                . = ALIGN (0x4)

.rel.dyn        0x08001458        0x0
 .rel.iplt      0x08001458        0x0 c:/ac6/systemworkbench/plugins/fr.ac6.mcu.externaltools.arm-none.win32_1.17.0.201812190825/tools/compiler/bin/../lib/gcc/arm-none-eabi/7.3.1/thumb/v7e-m/fpv5/hard/crtbegin.o

.ARM.extab
 *(.ARM.extab* .gnu.linkonce.armextab.*)

.ARM            0x08001458        0x0
                0x08001458                __exidx_start = .
 *(.ARM.exidx*)
                0x08001458                __exidx_end = .

.preinit_array  0x08001458        0x0
                0x08001458                PROVIDE (__preinit_array_start = .)
 *(.preinit_array*)
                0x08001458                PROVIDE (__preinit_array_end = .)

.init_array     0x08001458        0x4
                0x08001458                PROVIDE (__init_array_start = .)
 *(SORT_BY_NAME(.init_array.*))
 *(.init_array*)
 .init_array    0x08001458        0x4 c:/ac6/systemworkbench/plugins/fr.ac6.mcu.externaltools.arm-none.win32_1.17.0.201812190825/tools/compiler/bin/../lib/gcc/arm-none-eabi/7.3.1/thumb/v7e-m/fpv5/hard/crtbegin.o
                0x0800145c                PROVIDE (__init_array_end = .)

.fini_array     0x0800145c        0x4
                [!provide]                PROVIDE (__fini_array_start = .)
 *(SORT_BY_NAME(.fini_array.*))
 *(.fini_array*)
 .fini_array    0x0800145c        0x4 c:/ac6/systemworkbench/plugins/fr.ac6.mcu.externaltools.arm-none.win32_1.17.0.201812190825/tools/compiler/bin/../lib/gcc/arm-none-eabi/7.3.1/thumb/v7e-m/fpv5/hard/crtbegin.o
                [!provide]                PROVIDE (__fini_array_end = .)
                0x08001460                _sidata = LOADADDR (.data)

.data           0x20000000       0x10 load address 0x08001460
                0x20000000                . = ALIGN (0x4)
                0x20000000                _sdata = .
 *(.data)
 .data          0x20000000        0x8 Drivers/STM32H7xx_HAL_Driver/Src/stm32h7xx_hal.o
                0x20000000                uwTickFreq
                0x20000004                uwTickPrio
 .data          0x20000008        0x8 Src/system_stm32h7xx.o
                0x20000008                SystemD2Clock
                0x2000000c                SystemCoreClock
 *(.data*)
                0x20000010                . = ALIGN (0x4)
                0x20000010                _edata = .

.igot.plt       0x20000010        0x0 load address 0x08001470
 .igot.plt      0x20000010        0x0 c:/ac6/systemworkbench/plugins/fr.ac6.mcu.externaltools.arm-none.win32_1.17.0.201812190825/tools/compiler/bin/../lib/gcc/arm-none-eabi/7.3.1/thumb/v7e-m/fpv5/hard/crtbegin.o
                0x20000010                . = ALIGN (0x4)

.bss            0x20000010       0x20 load address 0x08001470
                0x20000010                _sbss = .
                0x20000010                __bss_start__ = _sbss
 *(.bss)
 .bss           0x20000010       0x1c c:/ac6/systemworkbench/plugins/fr.ac6.mcu.externaltools.arm-none.win32_1.17.0.201812190825/tools/compiler/bin/../lib/gcc/arm-none-eabi/7.3.1/thumb/v7e-m/fpv5/hard/crtbegin.o
 *(.bss*)
 *(COMMON)
 COMMON         0x2000002c        0x4 Drivers/STM32H7xx_HAL_Driver/Src/stm32h7xx_hal.o
                0x2000002c                uwTick
                0x20000030                . = ALIGN (0x4)
                0x20000030                _ebss = .
                0x20000030                __bss_end__ = _ebss

._user_heap_stack
                0x20000030      0x600 load address 0x08001470
                0x20000030                . = ALIGN (0x8)
                0x20000030                PROVIDE (end = .)
                [!provide]                PROVIDE (_end = .)
                0x20000230                . = (. + _Min_Heap_Size)
 *fill*         0x20000030      0x200 
                0x20000630                . = (. + _Min_Stack_Size)
 *fill*         0x20000230      0x400 
                0x20000630                . = ALIGN (0x8)

/DISCARD/
 libc.a(*)
 libm.a(*)
 libgcc.a(*)

.ARM.attributes
                0x00000000       0x2e
 *(.ARM.attributes)
 .ARM.attributes
                0x00000000       0x20 c:/ac6/systemworkbench/plugins/fr.ac6.mcu.externaltools.arm-none.win32_1.17.0.201812190825/tools/compiler/bin/../lib/gcc/arm-none-eabi/7.3.1/thumb/v7e-m/fpv5/hard/crti.o
 .ARM.attributes
                0x00000020       0x32 c:/ac6/systemworkbench/plugins/fr.ac6.mcu.externaltools.arm-none.win32_1.17.0.201812190825/tools/compiler/bin/../lib/gcc/arm-none-eabi/7.3.1/thumb/v7e-m/fpv5/hard/crtbegin.o
 .ARM.attributes
                0x00000052       0x37 Drivers/STM32H7xx_HAL_Driver/Src/stm32h7xx_hal.o
 .ARM.attributes
                0x00000089       0x37 Drivers/STM32H7xx_HAL_Driver/Src/stm32h7xx_hal_cortex.o
 .ARM.attributes
                0x000000c0       0x37 Drivers/STM32H7xx_HAL_Driver/Src/stm32h7xx_hal_gpio.o
 .ARM.attributes
                0x000000f7       0x37 Drivers/STM32H7xx_HAL_Driver/Src/stm32h7xx_hal_pwr_ex.o
 .ARM.attributes
                0x0000012e       0x37 Drivers/STM32H7xx_HAL_Driver/Src/stm32h7xx_hal_rcc.o
 .ARM.attributes
                0x00000165       0x37 Src/main.o
 .ARM.attributes
                0x0000019c       0x37 Src/stm32h7xx_hal_msp.o
 .ARM.attributes
                0x000001d3       0x37 Src/stm32h7xx_it.o
 .ARM.attributes
                0x0000020a       0x37 Src/system_stm32h7xx.o
 .ARM.attributes
                0x00000241       0x21 startup/startup_stm32h743xx.o
 .ARM.attributes
                0x00000262       0x32 c:/ac6/systemworkbench/plugins/fr.ac6.mcu.externaltools.arm-none.win32_1.17.0.201812190825/tools/compiler/bin/../lib/gcc/arm-none-eabi/7.3.1/../../../../arm-none-eabi/lib/thumb/v7e-m/fpv5/hard\libc_nano.a(lib_a-init.o)
 .ARM.attributes
                0x00000294       0x32 c:/ac6/systemworkbench/plugins/fr.ac6.mcu.externaltools.arm-none.win32_1.17.0.201812190825/tools/compiler/bin/../lib/gcc/arm-none-eabi/7.3.1/../../../../arm-none-eabi/lib/thumb/v7e-m/fpv5/hard\libc_nano.a(lib_a-memset.o)
 .ARM.attributes
                0x000002c6       0x20 c:/ac6/systemworkbench/plugins/fr.ac6.mcu.externaltools.arm-none.win32_1.17.0.201812190825/tools/compiler/bin/../lib/gcc/arm-none-eabi/7.3.1/thumb/v7e-m/fpv5/hard/crtn.o
OUTPUT(stm32h743zi.elf elf32-littlearm)

.debug_info     0x00000000     0xc90f
 .debug_info    0x00000000     0x1ef1 Drivers/STM32H7xx_HAL_Driver/Src/stm32h7xx_hal.o
 .debug_info    0x00001ef1     0x1be4 Drivers/STM32H7xx_HAL_Driver/Src/stm32h7xx_hal_cortex.o
 .debug_info    0x00003ad5     0x165d Drivers/STM32H7xx_HAL_Driver/Src/stm32h7xx_hal_gpio.o
 .debug_info    0x00005132     0x1a26 Drivers/STM32H7xx_HAL_Driver/Src/stm32h7xx_hal_pwr_ex.o
 .debug_info    0x00006b58     0x1a50 Drivers/STM32H7xx_HAL_Driver/Src/stm32h7xx_hal_rcc.o
 .debug_info    0x000085a8     0x1638 Src/main.o
 .debug_info    0x00009be0      0xe63 Src/stm32h7xx_hal_msp.o
 .debug_info    0x0000aa43      0xb60 Src/stm32h7xx_it.o
 .debug_info    0x0000b5a3     0x134a Src/system_stm32h7xx.o
 .debug_info    0x0000c8ed       0x22 startup/startup_stm32h743xx.o

.debug_abbrev   0x00000000     0x19d9
 .debug_abbrev  0x00000000      0x31f Drivers/STM32H7xx_HAL_Driver/Src/stm32h7xx_hal.o
 .debug_abbrev  0x0000031f      0x40a Drivers/STM32H7xx_HAL_Driver/Src/stm32h7xx_hal_cortex.o
 .debug_abbrev  0x00000729      0x2f4 Drivers/STM32H7xx_HAL_Driver/Src/stm32h7xx_hal_gpio.o
 .debug_abbrev  0x00000a1d      0x34d Drivers/STM32H7xx_HAL_Driver/Src/stm32h7xx_hal_pwr_ex.o
 .debug_abbrev  0x00000d6a      0x310 Drivers/STM32H7xx_HAL_Driver/Src/stm32h7xx_hal_rcc.o
 .debug_abbrev  0x0000107a      0x2cd Src/main.o
 .debug_abbrev  0x00001347      0x21b Src/stm32h7xx_hal_msp.o
 .debug_abbrev  0x00001562      0x21d Src/stm32h7xx_it.o
 .debug_abbrev  0x0000177f      0x248 Src/system_stm32h7xx.o
 .debug_abbrev  0x000019c7       0x12 startup/startup_stm32h743xx.o

.debug_loc      0x00000000     0x1827
 .debug_loc     0x00000000      0x43d Drivers/STM32H7xx_HAL_Driver/Src/stm32h7xx_hal.o
 .debug_loc     0x0000043d      0x5ac Drivers/STM32H7xx_HAL_Driver/Src/stm32h7xx_hal_cortex.o
 .debug_loc     0x000009e9      0x34e Drivers/STM32H7xx_HAL_Driver/Src/stm32h7xx_hal_gpio.o
 .debug_loc     0x00000d37      0x376 Drivers/STM32H7xx_HAL_Driver/Src/stm32h7xx_hal_pwr_ex.o
 .debug_loc     0x000010ad      0x646 Drivers/STM32H7xx_HAL_Driver/Src/stm32h7xx_hal_rcc.o
 .debug_loc     0x000016f3      0x134 Src/system_stm32h7xx.o

.debug_aranges  0x00000000      0x5a8
 .debug_aranges
                0x00000000      0x1b8 Drivers/STM32H7xx_HAL_Driver/Src/stm32h7xx_hal.o
 .debug_aranges
                0x000001b8       0xb0 Drivers/STM32H7xx_HAL_Driver/Src/stm32h7xx_hal_cortex.o
 .debug_aranges
                0x00000268       0x58 Drivers/STM32H7xx_HAL_Driver/Src/stm32h7xx_hal_gpio.o
 .debug_aranges
                0x000002c0      0x158 Drivers/STM32H7xx_HAL_Driver/Src/stm32h7xx_hal_pwr_ex.o
 .debug_aranges
                0x00000418       0x88 Drivers/STM32H7xx_HAL_Driver/Src/stm32h7xx_hal_rcc.o
 .debug_aranges
                0x000004a0       0x38 Src/main.o
 .debug_aranges
                0x000004d8       0x20 Src/stm32h7xx_hal_msp.o
 .debug_aranges
                0x000004f8       0x60 Src/stm32h7xx_it.o
 .debug_aranges
                0x00000558       0x28 Src/system_stm32h7xx.o
 .debug_aranges
                0x00000580       0x28 startup/startup_stm32h743xx.o

.debug_ranges   0x00000000      0x5d8
 .debug_ranges  0x00000000      0x1a8 Drivers/STM32H7xx_HAL_Driver/Src/stm32h7xx_hal.o
 .debug_ranges  0x000001a8      0x100 Drivers/STM32H7xx_HAL_Driver/Src/stm32h7xx_hal_cortex.o
 .debug_ranges  0x000002a8       0x48 Drivers/STM32H7xx_HAL_Driver/Src/stm32h7xx_hal_gpio.o
 .debug_ranges  0x000002f0      0x148 Drivers/STM32H7xx_HAL_Driver/Src/stm32h7xx_hal_pwr_ex.o
 .debug_ranges  0x00000438       0xe0 Drivers/STM32H7xx_HAL_Driver/Src/stm32h7xx_hal_rcc.o
 .debug_ranges  0x00000518       0x28 Src/main.o
 .debug_ranges  0x00000540       0x10 Src/stm32h7xx_hal_msp.o
 .debug_ranges  0x00000550       0x50 Src/stm32h7xx_it.o
 .debug_ranges  0x000005a0       0x18 Src/system_stm32h7xx.o
 .debug_ranges  0x000005b8       0x20 startup/startup_stm32h743xx.o

.debug_macro    0x00000000    0x33a99
 .debug_macro   0x00000000      0x29c Drivers/STM32H7xx_HAL_Driver/Src/stm32h7xx_hal.o
 .debug_macro   0x0000029c      0xa60 Drivers/STM32H7xx_HAL_Driver/Src/stm32h7xx_hal.o
 .debug_macro   0x00000cfc      0x20f Drivers/STM32H7xx_HAL_Driver/Src/stm32h7xx_hal.o
 .debug_macro   0x00000f0b       0x2e Drivers/STM32H7xx_HAL_Driver/Src/stm32h7xx_hal.o
 .debug_macro   0x00000f39       0x3b Drivers/STM32H7xx_HAL_Driver/Src/stm32h7xx_hal.o
 .debug_macro   0x00000f74       0x22 Drivers/STM32H7xx_HAL_Driver/Src/stm32h7xx_hal.o
 .debug_macro   0x00000f96       0x8e Drivers/STM32H7xx_HAL_Driver/Src/stm32h7xx_hal.o
 .debug_macro   0x00001024       0x51 Drivers/STM32H7xx_HAL_Driver/Src/stm32h7xx_hal.o
 .debug_macro   0x00001075       0xef Drivers/STM32H7xx_HAL_Driver/Src/stm32h7xx_hal.o
 .debug_macro   0x00001164       0x6a Drivers/STM32H7xx_HAL_Driver/Src/stm32h7xx_hal.o
 .debug_macro   0x000011ce      0x1df Drivers/STM32H7xx_HAL_Driver/Src/stm32h7xx_hal.o
 .debug_macro   0x000013ad       0x1c Drivers/STM32H7xx_HAL_Driver/Src/stm32h7xx_hal.o
 .debug_macro   0x000013c9       0x22 Drivers/STM32H7xx_HAL_Driver/Src/stm32h7xx_hal.o
 .debug_macro   0x000013eb       0xdf Drivers/STM32H7xx_HAL_Driver/Src/stm32h7xx_hal.o
 .debug_macro   0x000014ca     0x12cd Drivers/STM32H7xx_HAL_Driver/Src/stm32h7xx_hal.o
 .debug_macro   0x00002797      0x11f Drivers/STM32H7xx_HAL_Driver/Src/stm32h7xx_hal.o
 .debug_macro   0x000028b6       0x19 Drivers/STM32H7xx_HAL_Driver/Src/stm32h7xx_hal.o
 .debug_macro   0x000028cf    0x25393 Drivers/STM32H7xx_HAL_Driver/Src/stm32h7xx_hal.o
 .debug_macro   0x00027c62       0x43 Drivers/STM32H7xx_HAL_Driver/Src/stm32h7xx_hal.o
 .debug_macro   0x00027ca5     0x3cd3 Drivers/STM32H7xx_HAL_Driver/Src/stm32h7xx_hal.o
 .debug_macro   0x0002b978      0x174 Drivers/STM32H7xx_HAL_Driver/Src/stm32h7xx_hal.o
 .debug_macro   0x0002baec       0x5e Drivers/STM32H7xx_HAL_Driver/Src/stm32h7xx_hal.o
 .debug_macro   0x0002bb4a       0x17 Drivers/STM32H7xx_HAL_Driver/Src/stm32h7xx_hal.o
 .debug_macro   0x0002bb61       0x35 Drivers/STM32H7xx_HAL_Driver/Src/stm32h7xx_hal.o
 .debug_macro   0x0002bb96       0x34 Drivers/STM32H7xx_HAL_Driver/Src/stm32h7xx_hal.o
 .debug_macro   0x0002bbca       0x58 Drivers/STM32H7xx_HAL_Driver/Src/stm32h7xx_hal.o
 .debug_macro   0x0002bc22       0x1f Drivers/STM32H7xx_HAL_Driver/Src/stm32h7xx_hal.o
 .debug_macro   0x0002bc41       0x43 Drivers/STM32H7xx_HAL_Driver/Src/stm32h7xx_hal.o
 .debug_macro   0x0002bc84       0x20 Drivers/STM32H7xx_HAL_Driver/Src/stm32h7xx_hal.o
 .debug_macro   0x0002bca4      0x18e Drivers/STM32H7xx_HAL_Driver/Src/stm32h7xx_hal.o
 .debug_macro   0x0002be32      0x32a Drivers/STM32H7xx_HAL_Driver/Src/stm32h7xx_hal.o
 .debug_macro   0x0002c15c      0x1e1 Drivers/STM32H7xx_HAL_Driver/Src/stm32h7xx_hal.o
 .debug_macro   0x0002c33d       0x54 Drivers/STM32H7xx_HAL_Driver/Src/stm32h7xx_hal.o
 .debug_macro   0x0002c391     0x2382 Drivers/STM32H7xx_HAL_Driver/Src/stm32h7xx_hal.o
 .debug_macro   0x0002e713      0xfe6 Drivers/STM32H7xx_HAL_Driver/Src/stm32h7xx_hal.o
 .debug_macro   0x0002f6f9      0x138 Drivers/STM32H7xx_HAL_Driver/Src/stm32h7xx_hal.o
 .debug_macro   0x0002f831      0x117 Drivers/STM32H7xx_HAL_Driver/Src/stm32h7xx_hal.o
 .debug_macro   0x0002f948      0x394 Drivers/STM32H7xx_HAL_Driver/Src/stm32h7xx_hal.o
 .debug_macro   0x0002fcdc       0x27 Drivers/STM32H7xx_HAL_Driver/Src/stm32h7xx_hal.o
 .debug_macro   0x0002fd03      0x72d Drivers/STM32H7xx_HAL_Driver/Src/stm32h7xx_hal.o
 .debug_macro   0x00030430      0x229 Drivers/STM32H7xx_HAL_Driver/Src/stm32h7xx_hal.o
 .debug_macro   0x00030659       0x66 Drivers/STM32H7xx_HAL_Driver/Src/stm32h7xx_hal.o
 .debug_macro   0x000306bf      0x3ad Drivers/STM32H7xx_HAL_Driver/Src/stm32h7xx_hal.o
 .debug_macro   0x00030a6c      0x3e5 Drivers/STM32H7xx_HAL_Driver/Src/stm32h7xx_hal.o
 .debug_macro   0x00030e51      0x275 Drivers/STM32H7xx_HAL_Driver/Src/stm32h7xx_hal.o
 .debug_macro   0x000310c6      0x3cb Drivers/STM32H7xx_HAL_Driver/Src/stm32h7xx_hal.o
 .debug_macro   0x00031491      0x40f Drivers/STM32H7xx_HAL_Driver/Src/stm32h7xx_hal.o
 .debug_macro   0x000318a0       0x51 Drivers/STM32H7xx_HAL_Driver/Src/stm32h7xx_hal.o
 .debug_macro   0x000318f1       0x4a Drivers/STM32H7xx_HAL_Driver/Src/stm32h7xx_hal.o
 .debug_macro   0x0003193b      0x22c Drivers/STM32H7xx_HAL_Driver/Src/stm32h7xx_hal.o
 .debug_macro   0x00031b67       0x58 Drivers/STM32H7xx_HAL_Driver/Src/stm32h7xx_hal.o
 .debug_macro   0x00031bbf       0xa5 Drivers/STM32H7xx_HAL_Driver/Src/stm32h7xx_hal.o
 .debug_macro   0x00031c64      0x1c5 Drivers/STM32H7xx_HAL_Driver/Src/stm32h7xx_hal.o
 .debug_macro   0x00031e29      0x259 Drivers/STM32H7xx_HAL_Driver/Src/stm32h7xx_hal.o
 .debug_macro   0x00032082       0x35 Drivers/STM32H7xx_HAL_Driver/Src/stm32h7xx_hal.o
 .debug_macro   0x000320b7      0x58b Drivers/STM32H7xx_HAL_Driver/Src/stm32h7xx_hal.o
 .debug_macro   0x00032642      0x272 Drivers/STM32H7xx_HAL_Driver/Src/stm32h7xx_hal_cortex.o
 .debug_macro   0x000328b4      0x2ae Drivers/STM32H7xx_HAL_Driver/Src/stm32h7xx_hal_gpio.o
 .debug_macro   0x00032b62      0x2ab Drivers/STM32H7xx_HAL_Driver/Src/stm32h7xx_hal_pwr_ex.o
 .debug_macro   0x00032e0d      0x296 Drivers/STM32H7xx_HAL_Driver/Src/stm32h7xx_hal_rcc.o
 .debug_macro   0x000330a3      0x27c Src/main.o
 .debug_macro   0x0003331f      0x27c Src/stm32h7xx_hal_msp.o
 .debug_macro   0x0003359b      0x286 Src/stm32h7xx_it.o
 .debug_macro   0x00033821      0x278 Src/system_stm32h7xx.o

.debug_line     0x00000000     0x4f6f
 .debug_line    0x00000000      0xae1 Drivers/STM32H7xx_HAL_Driver/Src/stm32h7xx_hal.o
 .debug_line    0x00000ae1      0x94b Drivers/STM32H7xx_HAL_Driver/Src/stm32h7xx_hal_cortex.o
 .debug_line    0x0000142c      0x870 Drivers/STM32H7xx_HAL_Driver/Src/stm32h7xx_hal_gpio.o
 .debug_line    0x00001c9c      0xab9 Drivers/STM32H7xx_HAL_Driver/Src/stm32h7xx_hal_pwr_ex.o
 .debug_line    0x00002755      0xaba Drivers/STM32H7xx_HAL_Driver/Src/stm32h7xx_hal_rcc.o
 .debug_line    0x0000320f      0x758 Src/main.o
 .debug_line    0x00003967      0x6e4 Src/stm32h7xx_hal_msp.o
 .debug_line    0x0000404b      0x775 Src/stm32h7xx_it.o
 .debug_line    0x000047c0      0x731 Src/system_stm32h7xx.o
 .debug_line    0x00004ef1       0x7e startup/startup_stm32h743xx.o

.debug_str      0x00000000   0x14a793
 .debug_str     0x00000000   0x149321 Drivers/STM32H7xx_HAL_Driver/Src/stm32h7xx_hal.o
                             0x149956 (size before relaxing)
 .debug_str     0x00149321      0x481 Drivers/STM32H7xx_HAL_Driver/Src/stm32h7xx_hal_cortex.o
                             0x149384 (size before relaxing)
 .debug_str     0x001497a2      0x285 Drivers/STM32H7xx_HAL_Driver/Src/stm32h7xx_hal_gpio.o
                             0x148b1c (size before relaxing)
 .debug_str     0x00149a27      0x67e Drivers/STM32H7xx_HAL_Driver/Src/stm32h7xx_hal_pwr_ex.o
                             0x148ef0 (size before relaxing)
 .debug_str     0x0014a0a5      0x53d Drivers/STM32H7xx_HAL_Driver/Src/stm32h7xx_hal_rcc.o
                             0x148ddf (size before relaxing)
 .debug_str     0x0014a5e2       0x57 Src/main.o
                             0x148ad8 (size before relaxing)
 .debug_str     0x0014a639       0x1b Src/stm32h7xx_hal_msp.o
                             0x148758 (size before relaxing)
 .debug_str     0x0014a654       0xb8 Src/stm32h7xx_it.o
                             0x1485cb (size before relaxing)
 .debug_str     0x0014a70c       0x58 Src/system_stm32h7xx.o
                             0x148926 (size before relaxing)
 .debug_str     0x0014a764       0x2f startup/startup_stm32h743xx.o
                                 0x52 (size before relaxing)

.comment        0x00000000       0x7f
 .comment       0x00000000       0x7f Drivers/STM32H7xx_HAL_Driver/Src/stm32h7xx_hal.o
                                 0x80 (size before relaxing)
 .comment       0x0000007f       0x80 Drivers/STM32H7xx_HAL_Driver/Src/stm32h7xx_hal_cortex.o
 .comment       0x0000007f       0x80 Drivers/STM32H7xx_HAL_Driver/Src/stm32h7xx_hal_gpio.o
 .comment       0x0000007f       0x80 Drivers/STM32H7xx_HAL_Driver/Src/stm32h7xx_hal_pwr_ex.o
 .comment       0x0000007f       0x80 Drivers/STM32H7xx_HAL_Driver/Src/stm32h7xx_hal_rcc.o
 .comment       0x0000007f       0x80 Src/main.o
 .comment       0x0000007f       0x80 Src/stm32h7xx_hal_msp.o
 .comment       0x0000007f       0x80 Src/stm32h7xx_it.o
 .comment       0x0000007f       0x80 Src/system_stm32h7xx.o

.debug_frame    0x00000000      0xc30
 .debug_frame   0x00000000      0x3c8 Drivers/STM32H7xx_HAL_Driver/Src/stm32h7xx_hal.o
 .debug_frame   0x000003c8      0x16c Drivers/STM32H7xx_HAL_Driver/Src/stm32h7xx_hal_cortex.o
 .debug_frame   0x00000534       0xd0 Drivers/STM32H7xx_HAL_Driver/Src/stm32h7xx_hal_gpio.o
 .debug_frame   0x00000604      0x2f0 Drivers/STM32H7xx_HAL_Driver/Src/stm32h7xx_hal_pwr_ex.o
 .debug_frame   0x000008f4      0x178 Drivers/STM32H7xx_HAL_Driver/Src/stm32h7xx_hal_rcc.o
 .debug_frame   0x00000a6c       0x78 Src/main.o
 .debug_frame   0x00000ae4       0x28 Src/stm32h7xx_hal_msp.o
 .debug_frame   0x00000b0c       0xa8 Src/stm32h7xx_it.o
 .debug_frame   0x00000bb4       0x30 Src/system_stm32h7xx.o
 .debug_frame   0x00000be4       0x2c c:/ac6/systemworkbench/plugins/fr.ac6.mcu.externaltools.arm-none.win32_1.17.0.201812190825/tools/compiler/bin/../lib/gcc/arm-none-eabi/7.3.1/../../../../arm-none-eabi/lib/thumb/v7e-m/fpv5/hard\libc_nano.a(lib_a-init.o)
 .debug_frame   0x00000c10       0x20 c:/ac6/systemworkbench/plugins/fr.ac6.mcu.externaltools.arm-none.win32_1.17.0.201812190825/tools/compiler/bin/../lib/gcc/arm-none-eabi/7.3.1/../../../../arm-none-eabi/lib/thumb/v7e-m/fpv5/hard\libc_nano.a(lib_a-memset.o)
